Info: Starting: Create HDL design files for synthesis
Info: qsys-generate C:\Users\sjbar\shack-hartmann-fpga\Quartus\Computer_System.qsys --synthesis=VERILOG --output-directory=C:\Users\sjbar\shack-hartmann-fpga\Quartus\Computer_System\synthesis --family="Cyclone V" --part=5CSEMA5F31C6
Progress: Loading Quartus/Computer_System.qsys
Progress: Reading input file
Progress: Adding ARM_A9_HPS [altera_hps 18.1]
Progress: Parameterizing module ARM_A9_HPS
Progress: Adding System_PLL [altera_up_avalon_sys_sdram_pll 18.0]
Progress: Parameterizing module System_PLL
Progress: Adding dma_1 [altera_avalon_dma 18.1]
Progress: Parameterizing module dma_1
Progress: Adding dma_2 [altera_avalon_dma 18.1]
Progress: Parameterizing module dma_2
Progress: Adding intensity_sram [altera_avalon_onchip_memory2 18.1]
Progress: Parameterizing module intensity_sram
Progress: Adding result_sram [altera_avalon_onchip_memory2 18.1]
Progress: Parameterizing module result_sram
Progress: Building connections
Progress: Parameterizing connections
Progress: Validating
Progress: Done reading input file
Info: Computer_System.ARM_A9_HPS: HPS Main PLL counter settings: n = 0  m = 73
Info: Computer_System.ARM_A9_HPS: HPS peripherial PLL counter settings: n = 0  m = 39
Warning: Computer_System.ARM_A9_HPS: "Configuration/HPS-to-FPGA user 0 clock frequency" (desired_cfg_clk_mhz) requested 100.0 MHz, but only achieved 97.368421 MHz
Warning: Computer_System.ARM_A9_HPS: "QSPI clock frequency" (desired_qspi_clk_mhz) requested 400.0 MHz, but only achieved 370.0 MHz
Warning: Computer_System.ARM_A9_HPS: 1 or more output clock frequencies cannot be achieved precisely, consider revising desired output clock frequencies.
Info: Computer_System.System_PLL: Refclk Freq: 50.0
Info: Computer_System.dma_1: DMA Controller will only be supported in Quartus Prime Standard Edition in the future release.
Info: Computer_System.dma_2: DMA Controller will only be supported in Quartus Prime Standard Edition in the future release.
Warning: Computer_System.dma_1: Interrupt sender dma_1.irq is not connected to an interrupt receiver
Warning: Computer_System.dma_2: Interrupt sender dma_2.irq is not connected to an interrupt receiver
Warning: Computer_System.: You have exported the interface intensity_sram.s2 but not its associated clock interface.  Export the driver of intensity_sram.clk2
Warning: Computer_System.: You have exported the interface intensity_sram.s2 but not its associated reset interface.  Export the driver(s) of intensity_sram.reset2
Warning: Computer_System.: You have exported the interface result_sram.s1 but not its associated clock interface.  Export the driver of result_sram.clk1
Warning: Computer_System.: You have exported the interface result_sram.s1 but not its associated reset interface.  Export the driver(s) of result_sram.reset1
Info: Computer_System: Generating Computer_System "Computer_System" for QUARTUS_SYNTH
Info: Interconnect is inserted between master ARM_A9_HPS.h2f_axi_master and slave result_sram.s2 because the master is of type axi and the slave is of type avalon.
Warning: ARM_A9_HPS.f2h_irq0: Cannot connect clock for irq_mapper.sender
Warning: ARM_A9_HPS.f2h_irq0: Cannot connect reset for irq_mapper.sender
Warning: ARM_A9_HPS.f2h_irq1: Cannot connect clock for irq_mapper_001.sender
Warning: ARM_A9_HPS.f2h_irq1: Cannot connect reset for irq_mapper_001.sender
Info: ARM_A9_HPS: "Running  for module: ARM_A9_HPS"
Info: ARM_A9_HPS: HPS Main PLL counter settings: n = 0  m = 73
Info: ARM_A9_HPS: HPS peripherial PLL counter settings: n = 0  m = 39
Warning: ARM_A9_HPS: "Configuration/HPS-to-FPGA user 0 clock frequency" (desired_cfg_clk_mhz) requested 100.0 MHz, but only achieved 97.368421 MHz
Warning: ARM_A9_HPS: "QSPI clock frequency" (desired_qspi_clk_mhz) requested 400.0 MHz, but only achieved 370.0 MHz
Warning: ARM_A9_HPS: 1 or more output clock frequencies cannot be achieved precisely, consider revising desired output clock frequencies.
Info: ARM_A9_HPS: "Computer_System" instantiated altera_hps "ARM_A9_HPS"
Info: System_PLL: "Computer_System" instantiated altera_up_avalon_sys_sdram_pll "System_PLL"
Info: dma_1: softresetEnable = 1
Info: dma_1: Starting RTL generation for module 'Computer_System_dma_1'
Info: dma_1:   Generation command is [exec C:/intelFPGA_lite/18.1/quartus/bin64//perl/bin/perl.exe -I C:/intelFPGA_lite/18.1/quartus/bin64//perl/lib -I C:/intelfpga_lite/18.1/quartus/sopc_builder/bin/europa -I C:/intelfpga_lite/18.1/quartus/sopc_builder/bin/perl_lib -I C:/intelfpga_lite/18.1/quartus/sopc_builder/bin -I C:/intelfpga_lite/18.1/quartus/../ip/altera/sopc_builder_ip/common -I C:/intelfpga_lite/18.1/quartus/../ip/altera/sopc_builder_ip/altera_avalon_dma -- C:/intelfpga_lite/18.1/quartus/../ip/altera/sopc_builder_ip/altera_avalon_dma/generate_rtl.pl --name=Computer_System_dma_1 --dir=C:/Users/sjbar/AppData/Local/Temp/alt0569_3039674005924738313.dir/0094_dma_1_gen/ --quartus_dir=C:/intelfpga_lite/18.1/quartus --verilog --config=C:/Users/sjbar/AppData/Local/Temp/alt0569_3039674005924738313.dir/0094_dma_1_gen//Computer_System_dma_1_component_configuration.pl  --do_build_sim=0  ]
Info: dma_1: # 2026.04.26 15:57:56 (*)   Computer_System_dma_1: allowing these transactions: word, byte_access
Info: dma_1: Done RTL generation for module 'Computer_System_dma_1'
Info: dma_1: "Computer_System" instantiated altera_avalon_dma "dma_1"
Info: dma_2: softresetEnable = 1
Info: dma_2: Starting RTL generation for module 'Computer_System_dma_2'
Info: dma_2:   Generation command is [exec C:/intelFPGA_lite/18.1/quartus/bin64//perl/bin/perl.exe -I C:/intelFPGA_lite/18.1/quartus/bin64//perl/lib -I C:/intelfpga_lite/18.1/quartus/sopc_builder/bin/europa -I C:/intelfpga_lite/18.1/quartus/sopc_builder/bin/perl_lib -I C:/intelfpga_lite/18.1/quartus/sopc_builder/bin -I C:/intelfpga_lite/18.1/quartus/../ip/altera/sopc_builder_ip/common -I C:/intelfpga_lite/18.1/quartus/../ip/altera/sopc_builder_ip/altera_avalon_dma -- C:/intelfpga_lite/18.1/quartus/../ip/altera/sopc_builder_ip/altera_avalon_dma/generate_rtl.pl --name=Computer_System_dma_2 --dir=C:/Users/sjbar/AppData/Local/Temp/alt0569_3039674005924738313.dir/0095_dma_2_gen/ --quartus_dir=C:/intelfpga_lite/18.1/quartus --verilog --config=C:/Users/sjbar/AppData/Local/Temp/alt0569_3039674005924738313.dir/0095_dma_2_gen//Computer_System_dma_2_component_configuration.pl  --do_build_sim=0  ]
Info: dma_2: # 2026.04.26 15:57:57 (*)   Computer_System_dma_2: allowing these transactions: word, byte_access
Info: dma_2: Done RTL generation for module 'Computer_System_dma_2'
Info: dma_2: "Computer_System" instantiated altera_avalon_dma "dma_2"
Info: intensity_sram: Starting RTL generation for module 'Computer_System_intensity_sram'
Info: intensity_sram:   Generation command is [exec C:/intelfpga_lite/18.1/quartus/bin64/perl/bin/perl.exe -I C:/intelfpga_lite/18.1/quartus/bin64/perl/lib -I C:/intelfpga_lite/18.1/quartus/sopc_builder/bin/europa -I C:/intelfpga_lite/18.1/quartus/sopc_builder/bin/perl_lib -I C:/intelfpga_lite/18.1/quartus/sopc_builder/bin -I C:/intelfpga_lite/18.1/quartus/../ip/altera/sopc_builder_ip/common -I C:/intelfpga_lite/18.1/quartus/../ip/altera/sopc_builder_ip/altera_avalon_onchip_memory2 -- C:/intelfpga_lite/18.1/quartus/../ip/altera/sopc_builder_ip/altera_avalon_onchip_memory2/generate_rtl.pl --name=Computer_System_intensity_sram --dir=C:/Users/sjbar/AppData/Local/Temp/alt0569_3039674005924738313.dir/0096_intensity_sram_gen/ --quartus_dir=C:/intelfpga_lite/18.1/quartus --verilog --config=C:/Users/sjbar/AppData/Local/Temp/alt0569_3039674005924738313.dir/0096_intensity_sram_gen//Computer_System_intensity_sram_component_configuration.pl  --do_build_sim=0  ]
Info: intensity_sram: Done RTL generation for module 'Computer_System_intensity_sram'
Info: intensity_sram: "Computer_System" instantiated altera_avalon_onchip_memory2 "intensity_sram"
Info: result_sram: Starting RTL generation for module 'Computer_System_result_sram'
Info: result_sram:   Generation command is [exec C:/intelfpga_lite/18.1/quartus/bin64/perl/bin/perl.exe -I C:/intelfpga_lite/18.1/quartus/bin64/perl/lib -I C:/intelfpga_lite/18.1/quartus/sopc_builder/bin/europa -I C:/intelfpga_lite/18.1/quartus/sopc_builder/bin/perl_lib -I C:/intelfpga_lite/18.1/quartus/sopc_builder/bin -I C:/intelfpga_lite/18.1/quartus/../ip/altera/sopc_builder_ip/common -I C:/intelfpga_lite/18.1/quartus/../ip/altera/sopc_builder_ip/altera_avalon_onchip_memory2 -- C:/intelfpga_lite/18.1/quartus/../ip/altera/sopc_builder_ip/altera_avalon_onchip_memory2/generate_rtl.pl --name=Computer_System_result_sram --dir=C:/Users/sjbar/AppData/Local/Temp/alt0569_3039674005924738313.dir/0097_result_sram_gen/ --quartus_dir=C:/intelfpga_lite/18.1/quartus --verilog --config=C:/Users/sjbar/AppData/Local/Temp/alt0569_3039674005924738313.dir/0097_result_sram_gen//Computer_System_result_sram_component_configuration.pl  --do_build_sim=0  ]
Info: result_sram: Done RTL generation for module 'Computer_System_result_sram'
Info: result_sram: "Computer_System" instantiated altera_avalon_onchip_memory2 "result_sram"
Info: avalon_st_adapter: Inserting error_adapter: error_adapter_0
Info: mm_interconnect_0: "Computer_System" instantiated altera_mm_interconnect "mm_interconnect_0"
Info: avalon_st_adapter: Inserting error_adapter: error_adapter_0
Info: avalon_st_adapter_001: Inserting error_adapter: error_adapter_0
Info: mm_interconnect_1: "Computer_System" instantiated altera_mm_interconnect "mm_interconnect_1"
Info: mm_interconnect_2: "Computer_System" instantiated altera_mm_interconnect "mm_interconnect_2"
Info: avalon_st_adapter: Inserting error_adapter: error_adapter_0
Info: mm_interconnect_3: "Computer_System" instantiated altera_mm_interconnect "mm_interconnect_3"
Info: irq_mapper: "Computer_System" instantiated altera_irq_mapper "irq_mapper"
Info: rst_controller: "Computer_System" instantiated altera_reset_controller "rst_controller"
Info: fpga_interfaces: "ARM_A9_HPS" instantiated altera_interface_generator "fpga_interfaces"
Info: hps_io: "ARM_A9_HPS" instantiated altera_hps_io "hps_io"
Info: sys_pll: "System_PLL" instantiated altera_pll "sys_pll"
Info: reset_from_locked: "System_PLL" instantiated altera_up_avalon_reset_from_locked_signal "reset_from_locked"
Info: result_sram_s2_translator: "mm_interconnect_0" instantiated altera_merlin_slave_translator "result_sram_s2_translator"
Info: ARM_A9_HPS_h2f_axi_master_agent: "mm_interconnect_0" instantiated altera_merlin_axi_master_ni "ARM_A9_HPS_h2f_axi_master_agent"
Info: result_sram_s2_agent: "mm_interconnect_0" instantiated altera_merlin_slave_agent "result_sram_s2_agent"
Info: result_sram_s2_agent_rsp_fifo: "mm_interconnect_0" instantiated altera_avalon_sc_fifo "result_sram_s2_agent_rsp_fifo"
Info: router: "mm_interconnect_0" instantiated altera_merlin_router "router"
Info: router_002: "mm_interconnect_0" instantiated altera_merlin_router "router_002"
Info: result_sram_s2_burst_adapter: "mm_interconnect_0" instantiated altera_merlin_burst_adapter "result_sram_s2_burst_adapter"
Info: Reusing file C:/Users/sjbar/shack-hartmann-fpga/Quartus/Computer_System/synthesis/submodules/altera_merlin_address_alignment.sv
Info: cmd_demux: "mm_interconnect_0" instantiated altera_merlin_demultiplexer "cmd_demux"
Info: cmd_mux: "mm_interconnect_0" instantiated altera_merlin_multiplexer "cmd_mux"
Info: rsp_demux: "mm_interconnect_0" instantiated altera_merlin_demultiplexer "rsp_demux"
Info: rsp_mux: "mm_interconnect_0" instantiated altera_merlin_multiplexer "rsp_mux"
Info: Reusing file C:/Users/sjbar/shack-hartmann-fpga/Quartus/Computer_System/synthesis/submodules/altera_merlin_arbitrator.sv
Info: result_sram_s2_rsp_width_adapter: "mm_interconnect_0" instantiated altera_merlin_width_adapter "result_sram_s2_rsp_width_adapter"
Info: Reusing file C:/Users/sjbar/shack-hartmann-fpga/Quartus/Computer_System/synthesis/submodules/altera_merlin_address_alignment.sv
Info: Reusing file C:/Users/sjbar/shack-hartmann-fpga/Quartus/Computer_System/synthesis/submodules/altera_merlin_burst_uncompressor.sv
Info: avalon_st_adapter: "mm_interconnect_0" instantiated altera_avalon_st_adapter "avalon_st_adapter"
Info: router: "mm_interconnect_1" instantiated altera_merlin_router "router"
Info: router_002: "mm_interconnect_1" instantiated altera_merlin_router "router_002"
Info: ARM_A9_HPS_h2f_lw_axi_master_wr_limiter: "mm_interconnect_1" instantiated altera_merlin_traffic_limiter "ARM_A9_HPS_h2f_lw_axi_master_wr_limiter"
Info: Reusing file C:/Users/sjbar/shack-hartmann-fpga/Quartus/Computer_System/synthesis/submodules/altera_avalon_sc_fifo.v
Info: Reusing file C:/Users/sjbar/shack-hartmann-fpga/Quartus/Computer_System/synthesis/submodules/altera_avalon_st_pipeline_base.v
Info: cmd_demux: "mm_interconnect_1" instantiated altera_merlin_demultiplexer "cmd_demux"
Info: cmd_mux: "mm_interconnect_1" instantiated altera_merlin_multiplexer "cmd_mux"
Info: Reusing file C:/Users/sjbar/shack-hartmann-fpga/Quartus/Computer_System/synthesis/submodules/altera_merlin_arbitrator.sv
Info: rsp_demux: "mm_interconnect_1" instantiated altera_merlin_demultiplexer "rsp_demux"
Info: rsp_mux: "mm_interconnect_1" instantiated altera_merlin_multiplexer "rsp_mux"
Info: Reusing file C:/Users/sjbar/shack-hartmann-fpga/Quartus/Computer_System/synthesis/submodules/altera_merlin_arbitrator.sv
Info: dma_1_read_master_translator: "mm_interconnect_2" instantiated altera_merlin_master_translator "dma_1_read_master_translator"
Info: dma_1_read_master_agent: "mm_interconnect_2" instantiated altera_merlin_master_agent "dma_1_read_master_agent"
Info: ARM_A9_HPS_f2h_axi_slave_agent: "mm_interconnect_2" instantiated altera_merlin_axi_slave_ni "ARM_A9_HPS_f2h_axi_slave_agent"
Info: Reusing file C:/Users/sjbar/shack-hartmann-fpga/Quartus/Computer_System/synthesis/submodules/altera_merlin_burst_uncompressor.sv
Info: Reusing file C:/Users/sjbar/shack-hartmann-fpga/Quartus/Computer_System/synthesis/submodules/altera_avalon_sc_fifo.v
Info: Reusing file C:/Users/sjbar/shack-hartmann-fpga/Quartus/Computer_System/synthesis/submodules/altera_merlin_address_alignment.sv
Info: router: "mm_interconnect_2" instantiated altera_merlin_router "router"
Info: router_002: "mm_interconnect_2" instantiated altera_merlin_router "router_002"
Info: cmd_demux: "mm_interconnect_2" instantiated altera_merlin_demultiplexer "cmd_demux"
Info: cmd_demux_001: "mm_interconnect_2" instantiated altera_merlin_demultiplexer "cmd_demux_001"
Info: cmd_mux: "mm_interconnect_2" instantiated altera_merlin_multiplexer "cmd_mux"
Info: Reusing file C:/Users/sjbar/shack-hartmann-fpga/Quartus/Computer_System/synthesis/submodules/altera_merlin_arbitrator.sv
Info: rsp_mux: "mm_interconnect_2" instantiated altera_merlin_multiplexer "rsp_mux"
Info: Reusing file C:/Users/sjbar/shack-hartmann-fpga/Quartus/Computer_System/synthesis/submodules/altera_merlin_arbitrator.sv
Info: router: "mm_interconnect_3" instantiated altera_merlin_router "router"
Info: router_002: "mm_interconnect_3" instantiated altera_merlin_router "router_002"
Info: cmd_demux: "mm_interconnect_3" instantiated altera_merlin_demultiplexer "cmd_demux"
Info: cmd_mux: "mm_interconnect_3" instantiated altera_merlin_multiplexer "cmd_mux"
Info: Reusing file C:/Users/sjbar/shack-hartmann-fpga/Quartus/Computer_System/synthesis/submodules/altera_merlin_arbitrator.sv
Info: rsp_demux: "mm_interconnect_3" instantiated altera_merlin_demultiplexer "rsp_demux"
Info: rsp_mux: "mm_interconnect_3" instantiated altera_merlin_multiplexer "rsp_mux"
Info: Reusing file C:/Users/sjbar/shack-hartmann-fpga/Quartus/Computer_System/synthesis/submodules/altera_merlin_arbitrator.sv
Info: avalon_st_adapter: "mm_interconnect_3" instantiated altera_avalon_st_adapter "avalon_st_adapter"
Info: border: "hps_io" instantiated altera_interface_generator "border"
Info: error_adapter_0: "avalon_st_adapter" instantiated error_adapter "error_adapter_0"
Info: error_adapter_0: "avalon_st_adapter" instantiated error_adapter "error_adapter_0"
Info: Computer_System: Done "Computer_System" with 56 modules, 116 files
Info: qsys-generate succeeded.
Info: Finished: Create HDL design files for synthesis
