Info: Starting: Create HDL design files for synthesis
Info: qsys-generate C:\Users\sjbar\shack-hartmann-fpga\Quartus\Computer_System.qsys --synthesis=VERILOG --output-directory=C:\Users\sjbar\shack-hartmann-fpga\Quartus\Computer_System\synthesis --family="Cyclone V" --part=5CSEMA5F31C6
Progress: Loading Quartus/Computer_System.qsys
Progress: Reading input file
Progress: Adding ARM_A9_HPS [altera_hps 18.1]
Progress: Parameterizing module ARM_A9_HPS
Progress: Adding System_PLL [altera_up_avalon_sys_sdram_pll 18.0]
Progress: Parameterizing module System_PLL
Progress: Adding clock_bridge_0 [altera_clock_bridge 18.1]
Progress: Parameterizing module clock_bridge_0
Progress: Adding ctrl_reg_f2h [altera_avalon_pio 18.1]
Progress: Parameterizing module ctrl_reg_f2h
Progress: Adding ctrl_reg_h2f [altera_avalon_pio 18.1]
Progress: Parameterizing module ctrl_reg_h2f
Progress: Adding dma_1 [altera_avalon_dma 18.1]
Progress: Parameterizing module dma_1
Progress: Adding dma_2 [altera_avalon_dma 18.1]
Progress: Parameterizing module dma_2
Progress: Adding intensity_sram [altera_avalon_onchip_memory2 18.1]
Progress: Parameterizing module intensity_sram
Progress: Adding pll_0 [altera_pll 18.1]
Progress: Parameterizing module pll_0
Progress: Adding result_sram [altera_avalon_onchip_memory2 18.1]
Progress: Parameterizing module result_sram
Progress: Building connections
Progress: Parameterizing connections
Progress: Validating
Progress: Done reading input file
Info: Computer_System.ARM_A9_HPS: HPS Main PLL counter settings: n = 0  m = 73
Info: Computer_System.ARM_A9_HPS: HPS peripherial PLL counter settings: n = 0  m = 39
Warning: Computer_System.ARM_A9_HPS: "Configuration/HPS-to-FPGA user 0 clock frequency" (desired_cfg_clk_mhz) requested 100.0 MHz, but only achieved 97.368421 MHz
Warning: Computer_System.ARM_A9_HPS: "QSPI clock frequency" (desired_qspi_clk_mhz) requested 400.0 MHz, but only achieved 370.0 MHz
Warning: Computer_System.ARM_A9_HPS: 1 or more output clock frequencies cannot be achieved precisely, consider revising desired output clock frequencies.
Info: Computer_System.System_PLL: Refclk Freq: 50.0
Info: Computer_System.ctrl_reg_f2h: PIO inputs are not hardwired in test bench. Undefined values will be read from PIO inputs during simulation.
Info: Computer_System.dma_1: DMA Controller will only be supported in Quartus Prime Standard Edition in the future release.
Info: Computer_System.dma_2: DMA Controller will only be supported in Quartus Prime Standard Edition in the future release.
Info: Computer_System.pll_0: The legal reference clock frequency is 5.0 MHz..800.0 MHz
Info: Computer_System.pll_0: Able to implement PLL with user settings
Warning: Computer_System.pll_0: pll_0.locked must be exported, or connected to a matching conduit.
Warning: Computer_System.dma_1: Interrupt sender dma_1.irq is not connected to an interrupt receiver
Warning: Computer_System.dma_2: Interrupt sender dma_2.irq is not connected to an interrupt receiver
Warning: Computer_System.: You have exported the interface intensity_sram.s2 but not its associated reset interface.  Export the driver(s) of intensity_sram.reset2
Warning: Computer_System.: You have exported the interface result_sram.s1 but not its associated reset interface.  Export the driver(s) of result_sram.reset1
Info: Computer_System: Generating Computer_System "Computer_System" for QUARTUS_SYNTH
Warning: ARM_A9_HPS.f2h_irq0: Cannot connect clock for irq_mapper.sender
Warning: ARM_A9_HPS.f2h_irq0: Cannot connect reset for irq_mapper.sender
Warning: ARM_A9_HPS.f2h_irq1: Cannot connect clock for irq_mapper_001.sender
Warning: ARM_A9_HPS.f2h_irq1: Cannot connect reset for irq_mapper_001.sender
Info: ARM_A9_HPS: "Running  for module: ARM_A9_HPS"
Info: ARM_A9_HPS: HPS Main PLL counter settings: n = 0  m = 73
Info: ARM_A9_HPS: HPS peripherial PLL counter settings: n = 0  m = 39
Warning: ARM_A9_HPS: "Configuration/HPS-to-FPGA user 0 clock frequency" (desired_cfg_clk_mhz) requested 100.0 MHz, but only achieved 97.368421 MHz
Warning: ARM_A9_HPS: "QSPI clock frequency" (desired_qspi_clk_mhz) requested 400.0 MHz, but only achieved 370.0 MHz
Warning: ARM_A9_HPS: 1 or more output clock frequencies cannot be achieved precisely, consider revising desired output clock frequencies.
Info: ARM_A9_HPS: "Computer_System" instantiated altera_hps "ARM_A9_HPS"
Info: System_PLL: "Computer_System" instantiated altera_up_avalon_sys_sdram_pll "System_PLL"
Info: ctrl_reg_f2h: Starting RTL generation for module 'Computer_System_ctrl_reg_f2h'
Info: ctrl_reg_f2h:   Generation command is [exec C:/intelfpga_lite/18.1/quartus/bin64/perl/bin/perl.exe -I C:/intelfpga_lite/18.1/quartus/bin64/perl/lib -I C:/intelfpga_lite/18.1/quartus/sopc_builder/bin/europa -I C:/intelfpga_lite/18.1/quartus/sopc_builder/bin/perl_lib -I C:/intelfpga_lite/18.1/quartus/sopc_builder/bin -I C:/intelfpga_lite/18.1/quartus/../ip/altera/sopc_builder_ip/common -I C:/intelfpga_lite/18.1/quartus/../ip/altera/sopc_builder_ip/altera_avalon_pio -- C:/intelfpga_lite/18.1/quartus/../ip/altera/sopc_builder_ip/altera_avalon_pio/generate_rtl.pl --name=Computer_System_ctrl_reg_f2h --dir=C:/Users/sjbar/AppData/Local/Temp/alt0574_5827946801024136808.dir/0002_ctrl_reg_f2h_gen/ --quartus_dir=C:/intelfpga_lite/18.1/quartus --verilog --config=C:/Users/sjbar/AppData/Local/Temp/alt0574_5827946801024136808.dir/0002_ctrl_reg_f2h_gen//Computer_System_ctrl_reg_f2h_component_configuration.pl  --do_build_sim=0  ]
Info: ctrl_reg_f2h: Done RTL generation for module 'Computer_System_ctrl_reg_f2h'
Info: ctrl_reg_f2h: "Computer_System" instantiated altera_avalon_pio "ctrl_reg_f2h"
Info: ctrl_reg_h2f: Starting RTL generation for module 'Computer_System_ctrl_reg_h2f'
Info: ctrl_reg_h2f:   Generation command is [exec C:/intelfpga_lite/18.1/quartus/bin64/perl/bin/perl.exe -I C:/intelfpga_lite/18.1/quartus/bin64/perl/lib -I C:/intelfpga_lite/18.1/quartus/sopc_builder/bin/europa -I C:/intelfpga_lite/18.1/quartus/sopc_builder/bin/perl_lib -I C:/intelfpga_lite/18.1/quartus/sopc_builder/bin -I C:/intelfpga_lite/18.1/quartus/../ip/altera/sopc_builder_ip/common -I C:/intelfpga_lite/18.1/quartus/../ip/altera/sopc_builder_ip/altera_avalon_pio -- C:/intelfpga_lite/18.1/quartus/../ip/altera/sopc_builder_ip/altera_avalon_pio/generate_rtl.pl --name=Computer_System_ctrl_reg_h2f --dir=C:/Users/sjbar/AppData/Local/Temp/alt0574_5827946801024136808.dir/0003_ctrl_reg_h2f_gen/ --quartus_dir=C:/intelfpga_lite/18.1/quartus --verilog --config=C:/Users/sjbar/AppData/Local/Temp/alt0574_5827946801024136808.dir/0003_ctrl_reg_h2f_gen//Computer_System_ctrl_reg_h2f_component_configuration.pl  --do_build_sim=0  ]
Info: ctrl_reg_h2f: Done RTL generation for module 'Computer_System_ctrl_reg_h2f'
Info: ctrl_reg_h2f: "Computer_System" instantiated altera_avalon_pio "ctrl_reg_h2f"
Info: dma_1: softresetEnable = 1
Info: dma_1: Starting RTL generation for module 'Computer_System_dma_1'
Info: dma_1:   Generation command is [exec C:/intelFPGA_lite/18.1/quartus/bin64//perl/bin/perl.exe -I C:/intelFPGA_lite/18.1/quartus/bin64//perl/lib -I C:/intelfpga_lite/18.1/quartus/sopc_builder/bin/europa -I C:/intelfpga_lite/18.1/quartus/sopc_builder/bin/perl_lib -I C:/intelfpga_lite/18.1/quartus/sopc_builder/bin -I C:/intelfpga_lite/18.1/quartus/../ip/altera/sopc_builder_ip/common -I C:/intelfpga_lite/18.1/quartus/../ip/altera/sopc_builder_ip/altera_avalon_dma -- C:/intelfpga_lite/18.1/quartus/../ip/altera/sopc_builder_ip/altera_avalon_dma/generate_rtl.pl --name=Computer_System_dma_1 --dir=C:/Users/sjbar/AppData/Local/Temp/alt0574_5827946801024136808.dir/0004_dma_1_gen/ --quartus_dir=C:/intelfpga_lite/18.1/quartus --verilog --config=C:/Users/sjbar/AppData/Local/Temp/alt0574_5827946801024136808.dir/0004_dma_1_gen//Computer_System_dma_1_component_configuration.pl  --do_build_sim=0  ]
Info: dma_1: # 2026.05.01 12:48:48 (*)   Computer_System_dma_1: allowing these transactions: word, byte_access
Info: dma_1: Done RTL generation for module 'Computer_System_dma_1'
Info: dma_1: "Computer_System" instantiated altera_avalon_dma "dma_1"
Info: dma_2: softresetEnable = 1
Info: dma_2: Starting RTL generation for module 'Computer_System_dma_2'
Info: dma_2:   Generation command is [exec C:/intelFPGA_lite/18.1/quartus/bin64//perl/bin/perl.exe -I C:/intelFPGA_lite/18.1/quartus/bin64//perl/lib -I C:/intelfpga_lite/18.1/quartus/sopc_builder/bin/europa -I C:/intelfpga_lite/18.1/quartus/sopc_builder/bin/perl_lib -I C:/intelfpga_lite/18.1/quartus/sopc_builder/bin -I C:/intelfpga_lite/18.1/quartus/../ip/altera/sopc_builder_ip/common -I C:/intelfpga_lite/18.1/quartus/../ip/altera/sopc_builder_ip/altera_avalon_dma -- C:/intelfpga_lite/18.1/quartus/../ip/altera/sopc_builder_ip/altera_avalon_dma/generate_rtl.pl --name=Computer_System_dma_2 --dir=C:/Users/sjbar/AppData/Local/Temp/alt0574_5827946801024136808.dir/0005_dma_2_gen/ --quartus_dir=C:/intelfpga_lite/18.1/quartus --verilog --config=C:/Users/sjbar/AppData/Local/Temp/alt0574_5827946801024136808.dir/0005_dma_2_gen//Computer_System_dma_2_component_configuration.pl  --do_build_sim=0  ]
Info: dma_2: # 2026.05.01 12:48:48 (*)   Computer_System_dma_2: allowing these transactions: word, byte_access
Info: dma_2: Done RTL generation for module 'Computer_System_dma_2'
Info: dma_2: "Computer_System" instantiated altera_avalon_dma "dma_2"
Info: intensity_sram: Starting RTL generation for module 'Computer_System_intensity_sram'
Info: intensity_sram:   Generation command is [exec C:/intelfpga_lite/18.1/quartus/bin64/perl/bin/perl.exe -I C:/intelfpga_lite/18.1/quartus/bin64/perl/lib -I C:/intelfpga_lite/18.1/quartus/sopc_builder/bin/europa -I C:/intelfpga_lite/18.1/quartus/sopc_builder/bin/perl_lib -I C:/intelfpga_lite/18.1/quartus/sopc_builder/bin -I C:/intelfpga_lite/18.1/quartus/../ip/altera/sopc_builder_ip/common -I C:/intelfpga_lite/18.1/quartus/../ip/altera/sopc_builder_ip/altera_avalon_onchip_memory2 -- C:/intelfpga_lite/18.1/quartus/../ip/altera/sopc_builder_ip/altera_avalon_onchip_memory2/generate_rtl.pl --name=Computer_System_intensity_sram --dir=C:/Users/sjbar/AppData/Local/Temp/alt0574_5827946801024136808.dir/0006_intensity_sram_gen/ --quartus_dir=C:/intelfpga_lite/18.1/quartus --verilog --config=C:/Users/sjbar/AppData/Local/Temp/alt0574_5827946801024136808.dir/0006_intensity_sram_gen//Computer_System_intensity_sram_component_configuration.pl  --do_build_sim=0  ]
Info: intensity_sram: Done RTL generation for module 'Computer_System_intensity_sram'
Info: intensity_sram: "Computer_System" instantiated altera_avalon_onchip_memory2 "intensity_sram"
Info: pll_0: "Computer_System" instantiated altera_pll "pll_0"
Info: result_sram: Starting RTL generation for module 'Computer_System_result_sram'
Info: result_sram:   Generation command is [exec C:/intelfpga_lite/18.1/quartus/bin64/perl/bin/perl.exe -I C:/intelfpga_lite/18.1/quartus/bin64/perl/lib -I C:/intelfpga_lite/18.1/quartus/sopc_builder/bin/europa -I C:/intelfpga_lite/18.1/quartus/sopc_builder/bin/perl_lib -I C:/intelfpga_lite/18.1/quartus/sopc_builder/bin -I C:/intelfpga_lite/18.1/quartus/../ip/altera/sopc_builder_ip/common -I C:/intelfpga_lite/18.1/quartus/../ip/altera/sopc_builder_ip/altera_avalon_onchip_memory2 -- C:/intelfpga_lite/18.1/quartus/../ip/altera/sopc_builder_ip/altera_avalon_onchip_memory2/generate_rtl.pl --name=Computer_System_result_sram --dir=C:/Users/sjbar/AppData/Local/Temp/alt0574_5827946801024136808.dir/0008_result_sram_gen/ --quartus_dir=C:/intelfpga_lite/18.1/quartus --verilog --config=C:/Users/sjbar/AppData/Local/Temp/alt0574_5827946801024136808.dir/0008_result_sram_gen//Computer_System_result_sram_component_configuration.pl  --do_build_sim=0  ]
Info: result_sram: Done RTL generation for module 'Computer_System_result_sram'
Info: result_sram: "Computer_System" instantiated altera_avalon_onchip_memory2 "result_sram"
Info: avalon_st_adapter: Inserting error_adapter: error_adapter_0
Info: avalon_st_adapter_001: Inserting error_adapter: error_adapter_0
Info: avalon_st_adapter_002: Inserting error_adapter: error_adapter_0
Info: mm_interconnect_0: "Computer_System" instantiated altera_mm_interconnect "mm_interconnect_0"
Info: avalon_st_adapter: Inserting error_adapter: error_adapter_0
Info: avalon_st_adapter_001: Inserting error_adapter: error_adapter_0
Info: mm_interconnect_1: "Computer_System" instantiated altera_mm_interconnect "mm_interconnect_1"
Info: mm_interconnect_2: "Computer_System" instantiated altera_mm_interconnect "mm_interconnect_2"
Info: avalon_st_adapter: Inserting error_adapter: error_adapter_0
Info: mm_interconnect_3: "Computer_System" instantiated altera_mm_interconnect "mm_interconnect_3"
Info: irq_mapper: "Computer_System" instantiated altera_irq_mapper "irq_mapper"
Info: rst_controller: "Computer_System" instantiated altera_reset_controller "rst_controller"
Info: fpga_interfaces: "ARM_A9_HPS" instantiated altera_interface_generator "fpga_interfaces"
Info: hps_io: "ARM_A9_HPS" instantiated altera_hps_io "hps_io"
Info: sys_pll: "System_PLL" instantiated altera_pll "sys_pll"
Info: reset_from_locked: "System_PLL" instantiated altera_up_avalon_reset_from_locked_signal "reset_from_locked"
Info: ctrl_reg_f2h_s1_translator: "mm_interconnect_0" instantiated altera_merlin_slave_translator "ctrl_reg_f2h_s1_translator"
Info: ARM_A9_HPS_h2f_axi_master_agent: "mm_interconnect_0" instantiated altera_merlin_axi_master_ni "ARM_A9_HPS_h2f_axi_master_agent"
Info: ctrl_reg_f2h_s1_agent: "mm_interconnect_0" instantiated altera_merlin_slave_agent "ctrl_reg_f2h_s1_agent"
Info: ctrl_reg_f2h_s1_agent_rsp_fifo: "mm_interconnect_0" instantiated altera_avalon_sc_fifo "ctrl_reg_f2h_s1_agent_rsp_fifo"
Info: router: "mm_interconnect_0" instantiated altera_merlin_router "router"
Info: router_002: "mm_interconnect_0" instantiated altera_merlin_router "router_002"
Info: ARM_A9_HPS_h2f_axi_master_wr_limiter: "mm_interconnect_0" instantiated altera_merlin_traffic_limiter "ARM_A9_HPS_h2f_axi_master_wr_limiter"
Info: Reusing file C:/Users/sjbar/shack-hartmann-fpga/Quartus/Computer_System/synthesis/submodules/altera_avalon_sc_fifo.v
Info: ctrl_reg_f2h_s1_burst_adapter: "mm_interconnect_0" instantiated altera_merlin_burst_adapter "ctrl_reg_f2h_s1_burst_adapter"
Info: Reusing file C:/Users/sjbar/shack-hartmann-fpga/Quartus/Computer_System/synthesis/submodules/altera_merlin_address_alignment.sv
Info: Reusing file C:/Users/sjbar/shack-hartmann-fpga/Quartus/Computer_System/synthesis/submodules/altera_avalon_st_pipeline_base.v
Info: cmd_demux: "mm_interconnect_0" instantiated altera_merlin_demultiplexer "cmd_demux"
Info: cmd_mux: "mm_interconnect_0" instantiated altera_merlin_multiplexer "cmd_mux"
Info: rsp_demux: "mm_interconnect_0" instantiated altera_merlin_demultiplexer "rsp_demux"
Info: rsp_mux: "mm_interconnect_0" instantiated altera_merlin_multiplexer "rsp_mux"
Info: Reusing file C:/Users/sjbar/shack-hartmann-fpga/Quartus/Computer_System/synthesis/submodules/altera_merlin_arbitrator.sv
Info: ctrl_reg_f2h_s1_rsp_width_adapter: "mm_interconnect_0" instantiated altera_merlin_width_adapter "ctrl_reg_f2h_s1_rsp_width_adapter"
Info: Reusing file C:/Users/sjbar/shack-hartmann-fpga/Quartus/Computer_System/synthesis/submodules/altera_merlin_address_alignment.sv
Info: Reusing file C:/Users/sjbar/shack-hartmann-fpga/Quartus/Computer_System/synthesis/submodules/altera_merlin_burst_uncompressor.sv
Info: avalon_st_adapter: "mm_interconnect_0" instantiated altera_avalon_st_adapter "avalon_st_adapter"
Info: router: "mm_interconnect_1" instantiated altera_merlin_router "router"
Info: router_002: "mm_interconnect_1" instantiated altera_merlin_router "router_002"
Info: cmd_demux: "mm_interconnect_1" instantiated altera_merlin_demultiplexer "cmd_demux"
Info: cmd_mux: "mm_interconnect_1" instantiated altera_merlin_multiplexer "cmd_mux"
Info: Reusing file C:/Users/sjbar/shack-hartmann-fpga/Quartus/Computer_System/synthesis/submodules/altera_merlin_arbitrator.sv
Info: rsp_demux: "mm_interconnect_1" instantiated altera_merlin_demultiplexer "rsp_demux"
Info: rsp_mux: "mm_interconnect_1" instantiated altera_merlin_multiplexer "rsp_mux"
Info: Reusing file C:/Users/sjbar/shack-hartmann-fpga/Quartus/Computer_System/synthesis/submodules/altera_merlin_arbitrator.sv
Info: dma_1_read_master_translator: "mm_interconnect_2" instantiated altera_merlin_master_translator "dma_1_read_master_translator"
Info: dma_1_read_master_agent: "mm_interconnect_2" instantiated altera_merlin_master_agent "dma_1_read_master_agent"
Info: ARM_A9_HPS_f2h_axi_slave_agent: "mm_interconnect_2" instantiated altera_merlin_axi_slave_ni "ARM_A9_HPS_f2h_axi_slave_agent"
Info: Reusing file C:/Users/sjbar/shack-hartmann-fpga/Quartus/Computer_System/synthesis/submodules/altera_merlin_burst_uncompressor.sv
Info: Reusing file C:/Users/sjbar/shack-hartmann-fpga/Quartus/Computer_System/synthesis/submodules/altera_avalon_sc_fifo.v
Info: Reusing file C:/Users/sjbar/shack-hartmann-fpga/Quartus/Computer_System/synthesis/submodules/altera_merlin_address_alignment.sv
Info: router: "mm_interconnect_2" instantiated altera_merlin_router "router"
Info: router_002: "mm_interconnect_2" instantiated altera_merlin_router "router_002"
Info: cmd_demux: "mm_interconnect_2" instantiated altera_merlin_demultiplexer "cmd_demux"
Info: cmd_demux_001: "mm_interconnect_2" instantiated altera_merlin_demultiplexer "cmd_demux_001"
Info: cmd_mux: "mm_interconnect_2" instantiated altera_merlin_multiplexer "cmd_mux"
Info: Reusing file C:/Users/sjbar/shack-hartmann-fpga/Quartus/Computer_System/synthesis/submodules/altera_merlin_arbitrator.sv
Info: rsp_mux: "mm_interconnect_2" instantiated altera_merlin_multiplexer "rsp_mux"
Info: Reusing file C:/Users/sjbar/shack-hartmann-fpga/Quartus/Computer_System/synthesis/submodules/altera_merlin_arbitrator.sv
Info: router: "mm_interconnect_3" instantiated altera_merlin_router "router"
Info: router_002: "mm_interconnect_3" instantiated altera_merlin_router "router_002"
Info: cmd_demux: "mm_interconnect_3" instantiated altera_merlin_demultiplexer "cmd_demux"
Info: cmd_mux: "mm_interconnect_3" instantiated altera_merlin_multiplexer "cmd_mux"
Info: Reusing file C:/Users/sjbar/shack-hartmann-fpga/Quartus/Computer_System/synthesis/submodules/altera_merlin_arbitrator.sv
Info: rsp_demux: "mm_interconnect_3" instantiated altera_merlin_demultiplexer "rsp_demux"
Info: rsp_mux: "mm_interconnect_3" instantiated altera_merlin_multiplexer "rsp_mux"
Info: Reusing file C:/Users/sjbar/shack-hartmann-fpga/Quartus/Computer_System/synthesis/submodules/altera_merlin_arbitrator.sv
Info: avalon_st_adapter: "mm_interconnect_3" instantiated altera_avalon_st_adapter "avalon_st_adapter"
Info: border: "hps_io" instantiated altera_interface_generator "border"
Info: error_adapter_0: "avalon_st_adapter" instantiated error_adapter "error_adapter_0"
Info: error_adapter_0: "avalon_st_adapter" instantiated error_adapter "error_adapter_0"
Info: Computer_System: Done "Computer_System" with 59 modules, 120 files
Info: qsys-generate succeeded.
Info: Finished: Create HDL design files for synthesis
